============================================================
   HW2 IMPLEMENTATION TRACE
============================================================
Timestamp: 2026-02-05 15:31:05
System: RAG Agent with Dual Groundedness Verification

[TEST 1.1] LOCAL DB - HIGH GROUNDEDNESS
Query: What languages were tested in the multilingual sentiment analysis study?
Result:
🧠 Agent is thinking...
👉 Decided to check Local Database for: 'What languages were tested in the multilingual sentiment analysis study?'

Thinking about: What languages were tested in the multilingual sentiment analysis study?...
   [Guardrail] Verifying draft against 171 words of context...
   [Evidence Support Score: 1.00] (15/15 claims supported)
   [Confidence: high] All 15 language claims are explicitly listed in the context under "Languages tested".

Based on your local documents:
The study tested the following 15 languages:
- Spanish, French, German, Arabic, Chinese, Japanese, Hindi, Russian, Portuguese, Italian, Dutch, Swedish, Polish, Turkish, Korean

[TEST 1.2] LOCAL DB - POTENTIAL LOW GROUNDEDNESS
Query: What are the main challenges in computer vision research?
Result:
🧠 Agent is thinking...
👉 Decided to check Local Database for: 'What are the main challenges in computer vision research according to the documents?'

Thinking about: What are the main challenges in computer vision research according to the documents?...
   [Warning] Retrieved context may be of low relevance (avg distance: 1.02)
   [Guardrail] Verifying draft against 149 words of context...
   [Evidence Support Score: 0.00] (0/0 claims supported)
   [Confidence: high] The draft response consists solely of 'I don't know.' - no factual claims to evaluate.
   [Guardrail] Score below threshold - triggering self-correction...
   [Guardrail] Triggering Self-Correction...
   [Re-verification Score: 1.00] After correction

Based on your local documents:
The documents highlight the need to design attention mechanisms that balance global and local information as a central challenge for future computer-vision research.

[TEST 2.1] ARXIV - HIGH GROUNDEDNESS
Query: Find recent papers about machine learning optimization
Result:
🧠 Agent is thinking...
👉 Decided to search ArXiv for: 'machine learning optimization'
   [ArXiv Evidence Support Score: 0.85] (17/20 claims supported)
   [Confidence: high] Most claims directly reflect paper abstracts with high accuracy.

Found 3 recent papers on machine learning optimization techniques including reinforced attention learning and protein structure generation approaches.

[TEST 2.2] ARXIV - POTENTIAL LOW GROUNDEDNESS
Query: Find papers about quantum neural networks for protein folding
Result:
🧠 Agent is thinking...
👉 Decided to search ArXiv for: 'quantum neural networks protein folding'
   [ArXiv Evidence Support Score: 0.91] (20/22 claims supported)
   [Confidence: high] Claims directly from abstracts are well-supported, with minor speculation noted.

Found 3 papers with 1 on protein modeling and 2 on quantum topics, demonstrating verification of mixed relevance results.

[TEST 3.1] DECISION MAKING - LOCAL vs ARXIV
Query: What bias reduction percentages were mentioned?
Result:
🧠 Agent is thinking...
👉 Decided to check Local Database for: 'What bias reduction percentages were mentioned in the AI ethics study?'

Thinking about: What bias reduction percentages were mentioned in the AI ethics study?...
   [Evidence Support Score: 1.00] (3/3 claims supported)
   [Confidence: high] All bias reduction percentages are explicitly stated in the context.

Based on your local documents:
The study reported: Gender bias: 65% reduction, Racial bias: 58% reduction, Age bias: 72% reduction

[TEST 3.2] DECISION MAKING - ARXIV SEARCH
Query: Search for new research on transformer attention
Result:
🧠 Agent is thinking...
👉 Decided to search ArXiv for: 'transformer attention mechanisms'
   [ArXiv Evidence Support Score: 0.90] (9/10 claims supported)
   [Confidence: high] Claims accurately reflect paper abstracts with minimal speculation.

Found recent papers on Reinforced Attention Learning - a novel policy-gradient framework for optimizing attention distributions.

============================================================
   IMPLEMENTATION SUMMARY
============================================================
✅ RETRIEVAL MODULE: Local database with Evidence Support Scoring
✅ TOOL-CALLING MODULE: ArXiv API with ArXiv Evidence Support Scoring  
✅ VERIFICATION MODULE: Dual groundedness verification system
✅ DECISION MAKING: Correct tool selection demonstrated

Completed: 2026-02-05 15:32:15
All three HW2 modules successfully demonstrated